// Jest Snapshot v1, https://goo.gl/fbAQLP

exports[`BlockView should match snapshot 1`] = `
<div
  className="class"
>
  <h1
    className="components-modal__header-heading"
  >
    title
  </h1>
  <div
    className="editor-block-compare__html"
  >
    raw
  </div>
  <div
    className="editor-block-compare__preview edit-post-visual-editor"
  >
    render
  </div>
  <div
    className="editor-block-compare__action"
  >
    <Button
      isLarge={true}
      onClick={[MockFunction]}
    >
      action
    </Button>
  </div>
</div>
`;
